Archive member included to satisfy reference by file (symbol)

c:/program files (x86)/atmel/studio/7.0/toolchain/avr8/avr8-gnu-toolchain/bin/../lib/gcc/avr/5.4.0/../../../../avr/lib/avr5\libm.a(addsf3.o)
                              bme280_user.o (__subsf3)
c:/program files (x86)/atmel/studio/7.0/toolchain/avr8/avr8-gnu-toolchain/bin/../lib/gcc/avr/5.4.0/../../../../avr/lib/avr5\libm.a(addsf3x.o)
                              c:/program files (x86)/atmel/studio/7.0/toolchain/avr8/avr8-gnu-toolchain/bin/../lib/gcc/avr/5.4.0/../../../../avr/lib/avr5\libm.a(addsf3.o) (__addsf3x)
c:/program files (x86)/atmel/studio/7.0/toolchain/avr8/avr8-gnu-toolchain/bin/../lib/gcc/avr/5.4.0/../../../../avr/lib/avr5\libm.a(divsf3.o)
                              bme280_user.o (__divsf3)
c:/program files (x86)/atmel/studio/7.0/toolchain/avr8/avr8-gnu-toolchain/bin/../lib/gcc/avr/5.4.0/../../../../avr/lib/avr5\libm.a(divsf3x.o)
                              c:/program files (x86)/atmel/studio/7.0/toolchain/avr8/avr8-gnu-toolchain/bin/../lib/gcc/avr/5.4.0/../../../../avr/lib/avr5\libm.a(divsf3.o) (__divsf3x)
c:/program files (x86)/atmel/studio/7.0/toolchain/avr8/avr8-gnu-toolchain/bin/../lib/gcc/avr/5.4.0/../../../../avr/lib/avr5\libm.a(fixunssfsi.o)
                              bme280_user.o (__fixunssfsi)
c:/program files (x86)/atmel/studio/7.0/toolchain/avr8/avr8-gnu-toolchain/bin/../lib/gcc/avr/5.4.0/../../../../avr/lib/avr5\libm.a(floatsisf.o)
                              bme280_user.o (__floatunsisf)
c:/program files (x86)/atmel/studio/7.0/toolchain/avr8/avr8-gnu-toolchain/bin/../lib/gcc/avr/5.4.0/../../../../avr/lib/avr5\libm.a(fp_inf.o)
                              c:/program files (x86)/atmel/studio/7.0/toolchain/avr8/avr8-gnu-toolchain/bin/../lib/gcc/avr/5.4.0/../../../../avr/lib/avr5\libm.a(addsf3x.o) (__fp_inf)
c:/program files (x86)/atmel/studio/7.0/toolchain/avr8/avr8-gnu-toolchain/bin/../lib/gcc/avr/5.4.0/../../../../avr/lib/avr5\libm.a(fp_nan.o)
                              c:/program files (x86)/atmel/studio/7.0/toolchain/avr8/avr8-gnu-toolchain/bin/../lib/gcc/avr/5.4.0/../../../../avr/lib/avr5\libm.a(addsf3x.o) (__fp_nan)
c:/program files (x86)/atmel/studio/7.0/toolchain/avr8/avr8-gnu-toolchain/bin/../lib/gcc/avr/5.4.0/../../../../avr/lib/avr5\libm.a(fp_pscA.o)
                              c:/program files (x86)/atmel/studio/7.0/toolchain/avr8/avr8-gnu-toolchain/bin/../lib/gcc/avr/5.4.0/../../../../avr/lib/avr5\libm.a(addsf3x.o) (__fp_pscA)
c:/program files (x86)/atmel/studio/7.0/toolchain/avr8/avr8-gnu-toolchain/bin/../lib/gcc/avr/5.4.0/../../../../avr/lib/avr5\libm.a(fp_pscB.o)
                              c:/program files (x86)/atmel/studio/7.0/toolchain/avr8/avr8-gnu-toolchain/bin/../lib/gcc/avr/5.4.0/../../../../avr/lib/avr5\libm.a(addsf3x.o) (__fp_pscB)
c:/program files (x86)/atmel/studio/7.0/toolchain/avr8/avr8-gnu-toolchain/bin/../lib/gcc/avr/5.4.0/../../../../avr/lib/avr5\libm.a(fp_round.o)
                              c:/program files (x86)/atmel/studio/7.0/toolchain/avr8/avr8-gnu-toolchain/bin/../lib/gcc/avr/5.4.0/../../../../avr/lib/avr5\libm.a(addsf3.o) (__fp_round)
c:/program files (x86)/atmel/studio/7.0/toolchain/avr8/avr8-gnu-toolchain/bin/../lib/gcc/avr/5.4.0/../../../../avr/lib/avr5\libm.a(fp_split3.o)
                              c:/program files (x86)/atmel/studio/7.0/toolchain/avr8/avr8-gnu-toolchain/bin/../lib/gcc/avr/5.4.0/../../../../avr/lib/avr5\libm.a(addsf3x.o) (__fp_split3)
c:/program files (x86)/atmel/studio/7.0/toolchain/avr8/avr8-gnu-toolchain/bin/../lib/gcc/avr/5.4.0/../../../../avr/lib/avr5\libm.a(fp_zero.o)
                              c:/program files (x86)/atmel/studio/7.0/toolchain/avr8/avr8-gnu-toolchain/bin/../lib/gcc/avr/5.4.0/../../../../avr/lib/avr5\libm.a(addsf3x.o) (__fp_zero)
c:/program files (x86)/atmel/studio/7.0/toolchain/avr8/avr8-gnu-toolchain/bin/../lib/gcc/avr/5.4.0/../../../../avr/lib/avr5\libm.a(mulsf3.o)
                              bme280_user.o (__mulsf3)
c:/program files (x86)/atmel/studio/7.0/toolchain/avr8/avr8-gnu-toolchain/bin/../lib/gcc/avr/5.4.0/../../../../avr/lib/avr5\libm.a(mulsf3x.o)
                              c:/program files (x86)/atmel/studio/7.0/toolchain/avr8/avr8-gnu-toolchain/bin/../lib/gcc/avr/5.4.0/../../../../avr/lib/avr5\libm.a(mulsf3.o) (__mulsf3x)
c:/program files (x86)/atmel/studio/7.0/toolchain/avr8/avr8-gnu-toolchain/bin/../lib/gcc/avr/5.4.0/../../../../avr/lib/avr5\libm.a(pow.o)
                              bme280_user.o (pow)
c:/program files (x86)/atmel/studio/7.0/toolchain/avr8/avr8-gnu-toolchain/bin/../lib/gcc/avr/5.4.0/../../../../avr/lib/avr5\libm.a(exp.o)
                              c:/program files (x86)/atmel/studio/7.0/toolchain/avr8/avr8-gnu-toolchain/bin/../lib/gcc/avr/5.4.0/../../../../avr/lib/avr5\libm.a(pow.o) (exp)
c:/program files (x86)/atmel/studio/7.0/toolchain/avr8/avr8-gnu-toolchain/bin/../lib/gcc/avr/5.4.0/../../../../avr/lib/avr5\libm.a(fp_powser.o)
[...]
Memory Configuration

Name             Origin             Length             Attributes
text             0x00000000         0x00020000         xr
data             0x00800060         0x0000ffa0         rw !x
eeprom           0x00810000         0x00010000         rw !x
fuse             0x00820000         0x00000003         rw !x
lock             0x00830000         0x00000400         rw !x
signature        0x00840000         0x00000400         rw !x
user_signatures  0x00850000         0x00000400         rw !x
*default*        0x00000000         0xffffffff

Linker script and memory map

Address of section .data set to 0x800100
LOAD C:/Program Files (x86)/Atmel/Studio/7.0/Packs/Atmel/ATmega_DFP/1.2.272/gcc/dev/atmega328p/avr5/crtatmega328p.o
LOAD bme280.o
LOAD bme280_user.o
LOAD DHT22.o
LOAD ESP8266.o
LOAD I2C.o
LOAD main.o
LOAD MLX90614.o
LOAD Raindrops.o
LOAD RingBuffer.o
LOAD UART.o
START GROUP
LOAD c:/program files (x86)/atmel/studio/7.0/toolchain/avr8/avr8-gnu-toolchain/bin/../lib/gcc/avr/5.4.0/../../../../avr/lib/avr5\libm.a
END GROUP
START GROUP
LOAD c:/program files (x86)/atmel/studio/7.0/toolchain/avr8/avr8-gnu-toolchain/bin/../lib/gcc/avr/5.4.0/avr5\libgcc.a
LOAD c:/program files (x86)/atmel/studio/7.0/toolchain/avr8/avr8-gnu-toolchain/bin/../lib/gcc/avr/5.4.0/../../../../avr/lib/avr5\libm.a
LOAD c:/program files (x86)/atmel/studio/7.0/toolchain/avr8/avr8-gnu-toolchain/bin/../lib/gcc/avr/5.4.0/../../../../avr/lib/avr5\libc.a
LOAD C:/Program Files (x86)/Atmel/Studio/7.0/Packs/Atmel/ATmega_DFP/1.2.272/gcc/dev/atmega328p/avr5\libatmega328p.a
END GROUP
                0x00020000                __TEXT_REGION_LENGTH__ = DEFINED (__TEXT_REGION_LENGTH__)?__TEXT_REGION_LENGTH__:0x20000
                0x0000ffa0                __DATA_REGION_LENGTH__ = DEFINED (__DATA_REGION_LENGTH__)?__DATA_REGION_LENGTH__:0xffa0
                0x00010000                __EEPROM_REGION_LENGTH__ = DEFINED (__EEPROM_REGION_LENGTH__)?__EEPROM_REGION_LENGTH__:0x10000
                [0x00000003]                __FUSE_REGION_LENGTH__ = DEFINED (__FUSE_REGION_LENGTH__)?__FUSE_REGION_LENGTH__:0x400
                0x00000400                __LOCK_REGION_LENGTH__ = DEFINED (__LOCK_REGION_LENGTH__)?__LOCK_REGION_LENGTH__:0x400
                0x00000400                __SIGNATURE_REGION_LENGTH__ = DEFINED (__SIGNATURE_REGION_LENGTH__)?__SIGNATURE_REGION_LENGTH__:0x400
                0x00000400                __USER_SIGNATURE_REGION_LENGTH__ = DEFINED (__USER_SIGNATURE_REGION_LENGTH__)?__USER_SIGNATURE_REGION_LENGTH__:0x400

.hash
 *(.hash)

.dynsym
 *(.dynsym)

.dynstr
 *(.dynstr)

.gnu.version
 *(.gnu.version)

.gnu.version_d
 *(.gnu.version_d)

.gnu.version_r
 *(.gnu.version_r)

.rel.init
 *(.rel.init)

.rela.init
 *(.rela.init)

.rel.text
 *(.rel.text)
 *(.rel.text.*)
 *(.rel.gnu.linkonce.t*)

.rela.text
 *(.rela.text)
 *(.rela.text.*)
 *(.rela.gnu.linkonce.t*)

.rel.fini
 *(.rel.fini)

.rela.fini
 *(.rela.fini)

.rel.rodata
 *(.rel.rodata)
 *(.rel.rodata.*)
 *(.rel.gnu.linkonce.r*)

.rela.rodata
 *(.rela.rodata)
 *(.rela.rodata.*)
 *(.rela.gnu.linkonce.r*)

.rel.data
 *(.rel.data)
 *(.rel.data.*)
 *(.rel.gnu.linkonce.d*)

.rela.data
 *(.rela.data)
 *(.rela.data.*)
 *(.rela.gnu.linkonce.d*)

.rel.ctors
 *(.rel.ctors)

.rela.ctors
 *(.rela.ctors)

.rel.dtors
 *(.rel.dtors)

.rela.dtors
 *(.rela.dtors)

.rel.got
 *(.rel.got)

.rela.got
 *(.rela.got)

.rel.bss
 *(.rel.bss)

.rela.bss
 *(.rela.bss)

.rel.plt
 *(.rel.plt)

.rela.plt
 *(.rela.plt)

.text           0x00000000     0x4be0
 *(.vectors)
 .vectors       0x00000000       0x68 C:/Program Files (x86)/Atmel/Studio/7.0/Packs/Atmel/ATmega_DFP/1.2.272/gcc/dev/atmega328p/avr5/crtatmega328p.o
                0x00000000                __vector_default
                0x00000000                __vectors
 *(.vectors)
 *(.progmem.gcc*)
 .progmem.gcc_sw_table.ESP8266_ReadCommand
                0x00000068       0x20 ESP8266.o
 .progmem.gcc_sw_table.main
                0x00000088       0x20 main.o
 .progmem.gcc_fplib
                0x000000a8       0x28 c:/program files (x86)/atmel/studio/7.0/toolchain/avr8/avr8-gnu-toolchain/bin/../lib/gcc/avr/5.4.0/../../../../avr/lib/avr5\libm.a(exp.o)
 .progmem.gcc_fplib
                0x000000d0       0x5a c:/program files (x86)/atmel/studio/7.0/toolchain/avr8/avr8-gnu-toolchain/bin/../lib/gcc/avr/5.4.0/../../../../avr/lib/avr5\libm.a(log.o)
                0x0000012a                . = ALIGN (0x2)
                0x0000012a                __trampolines_start = .
 *(.trampolines)
 .trampolines   0x0000012a        0x0 linker stubs
 *(.trampolines*)
                0x0000012a                __trampolines_end = .
 *libprintf_flt.a:*(.progmem.data)
 *libc.a:*(.progmem.data)
 .progmem.data  0x0000012a        0xc c:/program files (x86)/atmel/studio/7.0/toolchain/avr8/avr8-gnu-toolchain/bin/../lib/gcc/avr/5.4.0/../../../../avr/lib/avr5\libc.a(vfscanf_std.o)
 *(.progmem*)
 .progmem.data.__c.2353
                0x00000136       0x13 ESP8266.o
 .progmem.data.__c.2351
                0x00000149       0x13 ESP8266.o
 .progmem.data.__c.2310
                0x0000015c        0xe ESP8266.o
 .progmem.data.__c.2303
                0x0000016a        0x7 ESP8266.o
 .progmem.data.__c.2301
                0x00000171        0x9 ESP8266.o
 .progmem.data.__c.2860
                0x0000017a       0x1d main.o
 .progmem.data.__c.2853
                0x00000197       0x17 main.o
 .progmem.data.__c.2851
                0x000001ae       0x32 main.o
 .progmem.data.__c.2849
                0x000001e0       0x45 main.o
 .progmem.data.__c.2843
                0x00000225       0x14 main.o
 .progmem.data.__c.2841
                0x00000239       0x13 main.o
 .progmem.data.__c.2835
                0x0000024c        0xf main.o
 .progmem.data.__c.2833
                0x0000025b       0x12 main.o
 .progmem.data.__c.2831
                0x0000026d       0x10 main.o
 .progmem.data.__c.2829
                0x0000027d       0x11 main.o
 .progmem.data.__c.2823
                0x0000028e       0x25 main.o
 .progmem.data.__c.2816
                0x000002b3       0x14 main.o
 .progmem.data.__c.2814
                0x000002c7       0x2f main.o
 .progmem.data.__c.2812
                0x000002f6       0x40 main.o
 .progmem.data.__c.2806
                0x00000336       0x5d main.o
 .progmem.data.__c.2804
                0x00000393       0x5e main.o
 .progmem.data.__c.2797
                0x000003f1       0x14 main.o
 .progmem.data.__c.2791
                0x00000405       0x11 main.o
 .progmem.data.__c.2789
                0x00000416       0x12 main.o
 .progmem.data.__c.2783
                0x00000428       0x13 main.o
 .progmem.data.__c.2777
                0x0000043b       0x15 main.o
 .progmem.data.__c.2775
                0x00000450       0x16 main.o
 .progmem.data.__c.2769
                0x00000466       0x14 main.o
 .progmem.data.__c.2763
                0x0000047a        0xd main.o
 .progmem.data.__c.2761
                0x00000487       0x10 main.o
 .progmem.data.__c.2755
                0x00000497        0xc main.o
 .progmem.data.__c.2396
                0x000004a3       0x11 UART.o
 .progmem.data.__c.2394
                0x000004b4        0xc UART.o
 .progmem.data.messages
                0x000004c0       0x20 UART.o
                0x000004c0                messages
 .progmem.data.message15
                0x000004e0        0x6 UART.o
                0x000004e0                message15
 .progmem.data.message14
                0x000004e6        0x6 UART.o
                0x000004e6                message14
 .progmem.data.message13
                0x000004ec        0x6 UART.o
                0x000004ec                message13
 .progmem.data.message12
                0x000004f2        0x6 UART.o
                0x000004f2                message12
 .progmem.data.message11
                0x000004f8        0x5 UART.o
                0x000004f8                message11
 .progmem.data.message10
                0x000004fd        0x6 UART.o
                0x000004fd                message10
 .progmem.data.message9
                0x00000503        0x6 UART.o
                0x00000503                message9
 .progmem.data.message8
                0x00000509        0x6 UART.o
                0x00000509                message8
 .progmem.data.message7
                0x0000050f        0x6 UART.o
                0x0000050f                message7
 .progmem.data.message6
                0x00000515        0x6 UART.o
                0x00000515                message6
 .progmem.data.message5
                0x0000051b        0x6 UART.o
                0x0000051b                message5
 .progmem.data.message4
                0x00000521        0x6 UART.o
                0x00000521                message4
 .progmem.data.message3
                0x00000527        0x6 UART.o
                0x00000527                message3
 .progmem.data.message2
                0x0000052d        0x6 UART.o
                0x0000052d                message2
 .progmem.data.message1
                0x00000533        0x6 UART.o
                0x00000533                message1
 .progmem.data.message0
                0x00000539        0x6 UART.o
                0x00000539                message0
                0x00000540                . = ALIGN (0x2)
 *fill*         0x0000053f        0x1 
 *(.jumptables)
 *(.jumptables*)
 *(.lowtext)
 *(.lowtext*)
                0x00000540                __ctors_start = .
 *(.ctors)
                0x00000540                __ctors_end = .
                0x00000540                __dtors_start = .
 *(.dtors)
                0x00000540                __dtors_end = .
 SORT(*)(.ctors)
 SORT(*)(.dtors)
 *(.init0)
 .init0         0x00000540        0x0 C:/Program Files (x86)/Atmel/Studio/7.0/Packs/Atmel/ATmega_DFP/1.2.272/gcc/dev/atmega328p/avr5/crtatmega328p.o
                0x00000540                __init
 *(.init0)
 *(.init1)
 *(.init1)
 *(.init2)
 .init2         0x00000540        0xc C:/Program Files (x86)/Atmel/Studio/7.0/Packs/Atmel/ATmega_DFP/1.2.272/gcc/dev/atmega328p/avr5/crtatmega328p.o
 *(.init2)
 *(.init3)
 *(.init3)
 *(.init4)
 .init4         0x0000054c       0x16 c:/program files (x86)/atmel/studio/7.0/toolchain/avr8/avr8-gnu-toolchain/bin/../lib/gcc/avr/5.4.0/avr5\libgcc.a(_copy_data.o)
                0x0000054c                __do_copy_data
 .init4         0x00000562       0x10 c:/program files (x86)/atmel/studio/7.0/toolchain/avr8/avr8-gnu-toolchain/bin/../lib/gcc/avr/5.4.0/avr5\libgcc.a(_clear_bss.o)
                0x00000562                __do_clear_bss
 *(.init4)
 *(.init5)
 *(.init5)
 *(.init6)
 *(.init6)
 *(.init7)
 *(.init7)
 *(.init8)
 *(.init8)
 *(.init9)
 .init9         0x00000572        0x8 C:/Program Files (x86)/Atmel/Studio/7.0/Packs/Atmel/ATmega_DFP/1.2.272/gcc/dev/atmega328p/avr5/crtatmega328p.o
 *(.init9)
 *(.text)
 .text          0x0000057a        0x4 C:/Program Files (x86)/Atmel/Studio/7.0/Packs/Atmel/ATmega_DFP/1.2.272/gcc/dev/atmega328p/avr5/crtatmega328p.o
                0x0000057a                __vector_22
                0x0000057a                __vector_1
                0x0000057a                __vector_24
                0x0000057a                __vector_12
                0x0000057a                __bad_interrupt
                0x0000057a                __vector_6
                0x0000057a                __vector_3
                0x0000057a                __vector_23
                0x0000057a                __vector_25
                0x0000057a                __vector_13
                0x0000057a                __vector_17
                0x0000057a                __vector_19
                0x0000057a                __vector_7
                0x0000057a                __vector_5
                0x0000057a                __vector_4
                0x0000057a                __vector_9
                0x0000057a                __vector_2
                0x0000057a                __vector_15
                0x0000057a                __vector_8
                0x0000057a                __vector_14
                0x0000057a                __vector_10
                0x0000057a                __vector_16
                0x0000057e                . = ALIGN (0x2)
 *(.text.*)
 .text.null_ptr_check
                0x0000057e       0x32 bme280.o
 .text.bme280_get_regs
                0x000005b0       0x4a bme280.o
                0x000005b0                bme280_get_regs
 .text.bme280_set_regs
                0x000005fa      0x120 bme280.o
                0x000005fa                bme280_set_regs
 .text.set_osr_settings
                0x0000071a       0xe8 bme280.o
 .text.set_filter_standby_settings
                0x00000802       0x8a bme280.o
 .text.bme280_get_sensor_settings
                0x0000088c       0x7e bme280.o
                0x0000088c                bme280_get_sensor_settings
 .text.bme280_get_sensor_mode
                0x0000090a       0x36 bme280.o
                0x0000090a                bme280_get_sensor_mode
 .text.bme280_soft_reset
                0x00000940       0x96 bme280.o
                0x00000940                bme280_soft_reset
 .text.bme280_init
                0x000009d6      0x20c bme280.o
                0x000009d6                bme280_init
 .text.put_device_to_sleep
                0x00000be2       0xaa bme280.o
 .text.bme280_set_sensor_settings
                0x00000c8c       0x8a bme280.o
                0x00000c8c                bme280_set_sensor_settings
 .text.bme280_set_sensor_mode
                0x00000d16       0x88 bme280.o
                0x00000d16                bme280_set_sensor_mode
 .text.bme280_parse_sensor_data
                0x00000d9e       0xf4 bme280.o
                0x00000d9e                bme280_parse_sensor_data
 .text.bme280_compensate_data
                0x00000e92      0x878 bme280.o
                0x00000e92                bme280_compensate_data
 .text.bme280_get_sensor_data
                0x0000170a       0xaa bme280.o
                0x0000170a                bme280_get_sensor_data
 .text.user_delay_ms
                0x000017b4       0x24 bme280_user.o
                0x000017b4                user_delay_ms
 .text.user_i2c_read
                0x000017d8        0x6 bme280_user.o
                0x000017d8                user_i2c_read
 .text.user_i2c_write
                0x000017de        0x6 bme280_user.o
                0x000017de                user_i2c_write
 .text.user_bme280_init
                0x000017e4       0x2c bme280_user.o
                0x000017e4                user_bme280_init
 .text.user_bme280_configure
                0x00001810       0x30 bme280_user.o
                0x00001810                user_bme280_configure
 .text.user_bme280_read
                0x00001840       0x20 bme280_user.o
                0x00001840                user_bme280_read
 .text.user_bme280_get_data
                0x00001860      0x14c bme280_user.o
                0x00001860                user_bme280_get_data
 .text.DHT22_Init
                0x000019ac        0x6 DHT22.o
                0x000019ac                DHT22_Init
 .text.DHT22_StartTransmission
                0x000019b2       0x84 DHT22.o
                0x000019b2                DHT22_StartTransmission
 .text.DHT22_ReadBit
                0x00001a36       0x6c DHT22.o
                0x00001a36                DHT22_ReadBit
 .text.DHT22_ReadByte
                0x00001aa2       0x2c DHT22.o
                0x00001aa2                DHT22_ReadByte
 .text.DHT22_ReadData
                0x00001ace       0x6a DHT22.o
                0x00001ace                DHT22_ReadData
 .text.DHT22_GetData
                0x00001b38       0x42 DHT22.o
                0x00001b38                DHT22_GetData
 .text.ESP8266_Reset
                0x00001b7a       0x3e ESP8266.o
                0x00001b7a                ESP8266_Reset
 .text.ESP8266_ConfigureServer
                0x00001bb8       0xc6 ESP8266.o
                0x00001bb8                ESP8266_ConfigureServer
 .text.ESP8266_ReadCommand
                0x00001c7e      0x2f2 ESP8266.o
                0x00001c7e                ESP8266_ReadCommand
 .text.ESP8266_SendString
                0x00001f70       0xe4 ESP8266.o
                0x00001f70                ESP8266_SendString
 .text.I2C_SetBusSpeed
                0x00002054       0x58 I2C.o
                0x00002054                I2C_SetBusSpeed
 .text.I2C_Init
                0x000020ac       0x10 I2C.o
                0x000020ac                I2C_Init
 .text.I2C_Start
                0x000020bc       0x5e I2C.o
                0x000020bc                I2C_Start
 .text.I2C_SendAddr
                0x0000211a       0x94 I2C.o
                0x0000211a                I2C_SendAddr
 .text.I2C_SendStartAndSelect
                0x000021ae       0x1a I2C.o
                0x000021ae                I2C_SendStartAndSelect
 .text.I2C_SendByte
                0x000021c8       0x58 I2C.o
                0x000021c8                I2C_SendByte
 .text.I2C_ReceiveByte_NACK
                0x00002220       0x58 I2C.o
                0x00002220                I2C_ReceiveByte_NACK
 .text.I2C_ReceiveByte_ACK
                0x00002278       0x58 I2C.o
                0x00002278                I2C_ReceiveByte_ACK
 .text.I2C_SetRWAddress
                0x000022d0       0x18 I2C.o
                0x000022d0                I2C_SetRWAddress
 .text.I2C_Read
                0x000022e8       0x66 I2C.o
                0x000022e8                I2C_Read
 .text.I2C_Write
                0x0000234e       0x36 I2C.o
                0x0000234e                I2C_Write
 .text.__vector_11
                0x00002384       0x32 main.o
                0x00002384                __vector_11
 .text.Timer1_Init
                0x000023b6       0x1a main.o
                0x000023b6                Timer1_Init
 .text.ADC_Init
                0x000023d0       0x1c main.o
                0x000023d0                ADC_Init
 .text.uart_57600
                0x000023ec       0x16 main.o
                0x000023ec                uart_57600
 .text.UART_init
                0x00002402       0x12 main.o
                0x00002402                UART_init
 .text.Callibrate
                0x00002414       0xa4 main.o
                0x00002414                Callibrate
 .text.SetHeaterThreshold
                0x000024b8       0x7e main.o
                0x000024b8                SetHeaterThreshold
 .text.SendName
                0x00002536       0x18 main.o
                0x00002536                SendName
 .text.SendStatus
                0x0000254e       0x2a main.o
                0x0000254e                SendStatus
 .text.SendHumidity
                0x00002578       0xc6 main.o
                0x00002578                SendHumidity
 .text.SendTemperature
                0x0000263e      0x108 main.o
                0x0000263e                SendTemperature
 .text.SendPressure
                0x00002746       0x7a main.o
                0x00002746                SendPressure
 .text.SendRainData
                0x000027c0       0xaa main.o
                0x000027c0                SendRainData
 .text.SendOverlapData
                0x0000286a       0x7a main.o
                0x0000286a                SendOverlapData
 .text.SendWeatherData
                0x000028e4      0x23c main.o
                0x000028e4                SendWeatherData
 .text.SendCallibrationConfirmation
                0x00002b20       0x3c main.o
                0x00002b20                SendCallibrationConfirmation
 .text.SendCallibrationData
                0x00002b5c       0x90 main.o
                0x00002b5c                SendCallibrationData
 .text.SendHeaterModeConfirmation
                0x00002bec       0x66 main.o
                0x00002bec                SendHeaterModeConfirmation
 .text.SendHeaterState
                0x00002c52       0x2a main.o
                0x00002c52                SendHeaterState
 .text.SendHeaterThresholdConfirmation
                0x00002c7c       0x3c main.o
                0x00002c7c                SendHeaterThresholdConfirmation
 .text.SendHeaterThresholdValue
                0x00002cb8       0x82 main.o
                0x00002cb8                SendHeaterThresholdValue
 .text.main     0x00002d3a      0x1c4 main.o
                0x00002d3a                main
 .text.MLX90614_ReadTemperature
                0x00002efe       0x6a MLX90614.o
                0x00002efe                MLX90614_ReadTemperature
 .text.MLX90614_CalculateSkyOverlap
                0x00002f68       0x94 MLX90614.o
                0x00002f68                MLX90614_CalculateSkyOverlap
 .text.MLX90614_GetData
                0x00002ffc       0x60 MLX90614.o
                0x00002ffc                MLX90614_GetData
 .text.__vector_21
                0x0000305c       0x8e Raindrops.o
                0x0000305c                __vector_21
 .text.Raindrops_Init
                0x000030ea        0x6 Raindrops.o
                0x000030ea                Raindrops_Init
 .text.Raindrops_GetData
                0x000030f0       0x56 Raindrops.o
                0x000030f0                Raindrops_GetData
 .text.Heater_SM
                0x00003146       0x84 Raindrops.o
                0x00003146                Heater_SM
 .text.Heater_SetOutput
                0x000031ca        0xc Raindrops.o
                0x000031ca                Heater_SetOutput
 .text.cbIsEmpty
                0x000031d6       0x14 RingBuffer.o
                0x000031d6                cbIsEmpty
 .text.cbAdd    0x000031ea       0x56 RingBuffer.o
                0x000031ea                cbAdd
 .text.cbRead   0x00003240       0x64 RingBuffer.o
                0x00003240                cbRead
 .text.cbClear  0x000032a4       0x32 RingBuffer.o
                0x000032a4                cbClear
 .text.__vector_18
                0x000032d6       0x60 UART.o
                0x000032d6                __vector_18
 .text.__vector_20
                0x00003336       0x68 UART.o
                0x00003336                __vector_20
 .text.UART_clearReceiver
                0x0000339e        0xe UART.o
                0x0000339e                UART_clearReceiver
 .text.UART_sendString
                0x000033ac       0x62 UART.o
                0x000033ac                UART_sendString
 .text.GetToken
                0x0000340e       0x44 UART.o
                0x0000340e                GetToken
 .text.UART_scanCmd
                0x00003452      0x182 UART.o
                0x00003452                UART_scanCmd
 .text.avr-libc.fplib
                0x000035d4        0xe c:/program files (x86)/atmel/studio/7.0/toolchain/avr8/avr8-gnu-toolchain/bin/../lib/gcc/avr/5.4.0/../../../../avr/lib/avr5\libm.a(addsf3.o)
                0x000035d4                __subsf3
                0x000035d6                __addsf3
 .text.avr-libc.fplib
                0x000035e2       0xcc c:/program files (x86)/atmel/studio/7.0/toolchain/avr8/avr8-gnu-toolchain/bin/../lib/gcc/avr/5.4.0/../../../../avr/lib/avr5\libm.a(addsf3x.o)
                0x00003604                __addsf3x
 .text.avr-libc.fplib
                0x000036ae        0x8 c:/program files (x86)/atmel/studio/7.0/toolchain/avr8/avr8-gnu-toolchain/bin/../lib/gcc/avr/5.4.0/../../../../avr/lib/avr5\libm.a(divsf3.o)
                0x000036ae                __divsf3
 .text.avr-libc.fplib
                0x000036b6       0xdc c:/program files (x86)/atmel/studio/7.0/toolchain/avr8/avr8-gnu-toolchain/bin/../lib/gcc/avr/5.4.0/../../../../avr/lib/avr5\libm.a(divsf3x.o)
                0x000036d6                __divsf3x
                0x000036dc                __divsf3_pse
 .text.avr-libc.fplib
                0x00003792       0x5e c:/program files (x86)/atmel/studio/7.0/toolchain/avr8/avr8-gnu-toolchain/bin/../lib/gcc/avr/5.4.0/../../../../avr/lib/avr5\libm.a(fixunssfsi.o)
                0x00003792                __fixunssfsi
 .text.avr-libc.fplib
                0x000037f0       0x7a c:/program files (x86)/atmel/studio/7.0/toolchain/avr8/avr8-gnu-toolchain/bin/../lib/gcc/avr/5.4.0/../../../../avr/lib/avr5\libm.a(floatsisf.o)
                0x000037f0                __floatunsisf
                0x000037f4                __floatsisf
 .text.avr-libc.fplib
                0x0000386a        0xc c:/program files (x86)/atmel/studio/7.0/toolchain/avr8/avr8-gnu-toolchain/bin/../lib/gcc/avr/5.4.0/../../../../avr/lib/avr5\libm.a(fp_inf.o)
                0x0000386a                __fp_inf
 .text.avr-libc.fplib
                0x00003876        0x6 c:/program files (x86)/atmel/studio/7.0/toolchain/avr8/avr8-gnu-toolchain/bin/../lib/gcc/avr/5.4.0/../../../../avr/lib/avr5\libm.a(fp_nan.o)
                0x00003876                __fp_nan
 .text.avr-libc.fplib
                0x0000387c        0xe c:/program files (x86)/atmel/studio/7.0/toolchain/avr8/avr8-gnu-toolchain/bin/../lib/gcc/avr/5.4.0/../../../../avr/lib/avr5\libm.a(fp_pscA.o)
                0x0000387c                __fp_pscA
 .text.avr-libc.fplib
                0x0000388a        0xe c:/program files (x86)/atmel/studio/7.0/toolchain/avr8/avr8-gnu-toolchain/bin/../lib/gcc/avr/5.4.0/../../../../avr/lib/avr5\libm.a(fp_pscB.o)
                0x0000388a                __fp_pscB
 .text.avr-libc.fplib
                0x00003898       0x22 c:/program files (x86)/atmel/studio/7.0/toolchain/avr8/avr8-gnu-toolchain/bin/../lib/gcc/avr/5.4.0/../../../../avr/lib/avr5\libm.a(fp_round.o)
                0x00003898                __fp_round
 .text.avr-libc.fplib
                0x000038ba       0x44 c:/program files (x86)/atmel/studio/7.0/toolchain/avr8/avr8-gnu-toolchain/bin/../lib/gcc/avr/5.4.0/../../../../avr/lib/avr5\libm.a(fp_split3.o)
                0x000038ba                __fp_split3
                0x000038ca                __fp_splitA
 .text.avr-libc.fplib
                0x000038fe        0xe c:/program files (x86)/atmel/studio/7.0/toolchain/avr8/avr8-gnu-toolchain/bin/../lib/gcc/avr/5.4.0/../../../../avr/lib/avr5\libm.a(fp_zero.o)
                0x000038fe                __fp_zero
                0x00003900                __fp_szero
 .text.avr-libc.fplib
                0x0000390c        0x8 c:/program files (x86)/atmel/studio/7.0/toolchain/avr8/avr8-gnu-toolchain/bin/../lib/gcc/avr/5.4.0/../../../../avr/lib/avr5\libm.a(mulsf3.o)
                0x0000390c                __mulsf3
 .text.avr-libc.fplib
                0x00003914       0xd2 c:/program files (x86)/atmel/studio/7.0/toolchain/avr8/avr8-gnu-toolchain/bin/../lib/gcc/avr/5.4.0/../../../../avr/lib/avr5\libm.a(mulsf3x.o)
                0x00003932                __mulsf3x
                0x00003938                __mulsf3_pse
 .text.avr-libc.fplib
                0x000039e6       0xa0 c:/program files (x86)/atmel/studio/7.0/toolchain/avr8/avr8-gnu-toolchain/bin/../lib/gcc/avr/5.4.0/../../../../avr/lib/avr5\libm.a(pow.o)
                0x000039e6                pow
 .text.avr-libc.fplib
                0x00003a86       0x74 c:/program files (x86)/atmel/studio/7.0/toolchain/avr8/avr8-gnu-toolchain/bin/../lib/gcc/avr/5.4.0/../../../../avr/lib/avr5\libm.a(exp.o)
                0x00003a96                exp
 .text.avr-libc.fplib
                0x00003afa       0x4e c:/program files (x86)/atmel/studio/7.0/toolchain/avr8/avr8-gnu-toolchain/bin/../lib/gcc/avr/5.4.0/../../../../avr/lib/avr5\libm.a(fp_powser.o)
                0x00003afa                __fp_powser
 .text.avr-libc.fplib
                0x00003b48       0x10 c:/program files (x86)/atmel/studio/7.0/toolchain/avr8/avr8-gnu-toolchain/bin/../lib/gcc/avr/5.4.0/../../../../avr/lib/avr5\libm.a(inverse.o)
                0x00003b48                inverse
 .text.avr-libc.fplib
                0x00003b58       0x74 c:/program files (x86)/atmel/studio/7.0/toolchain/avr8/avr8-gnu-toolchain/bin/../lib/gcc/avr/5.4.0/../../../../avr/lib/avr5\libm.a(ldexp.o)
                0x00003b60                ldexp
 .text.avr-libc.fplib
                0x00003bcc       0xa0 c:/program files (x86)/atmel/studio/7.0/toolchain/avr8/avr8-gnu-toolchain/bin/../lib/gcc/avr/5.4.0/../../../../avr/lib/avr5\libm.a(log.o)
                0x00003bdc                log
 .text.avr-libc.fplib
                0x00003c6c       0x68 c:/program files (x86)/atmel/studio/7.0/toolchain/avr8/avr8-gnu-toolchain/bin/../lib/gcc/avr/5.4.0/../../../../avr/lib/avr5\libm.a(modf.o)
                0x00003c6c                modf
                0x00003c6c                modff
 .text.avr-libc.fplib
                0x00003cd4       0x1c c:/program files (x86)/atmel/studio/7.0/toolchain/avr8/avr8-gnu-toolchain/bin/../lib/gcc/avr/5.4.0/../../../../avr/lib/avr5\libm.a(fp_mpack.o)
                0x00003cd4                __fp_mpack
                0x00003cd8                __fp_mpack_finite
 .text.libgcc.mul
                0x00003cf0       0x20 c:/program files (x86)/atmel/studio/7.0/toolchain/avr8/avr8-gnu-toolchain/bin/../lib/gcc/avr/5.4.0/avr5\libgcc.a(_mulsi3.o)
                0x00003cf0                __mulsi3
 .text.libgcc.div
                0x00003d10       0x28 c:/program files (x86)/atmel/studio/7.0/toolchain/avr8/avr8-gnu-toolchain/bin/../lib/gcc/avr/5.4.0/avr5\libgcc.a(_udivmodhi4.o)
                0x00003d10                __udivmodhi4
 .text.libgcc.div
                0x00003d38       0x28 c:/program files (x86)/atmel/studio/7.0/toolchain/avr8/avr8-gnu-toolchain/bin/../lib/gcc/avr/5.4.0/avr5\libgcc.a(_divmodhi4.o)
                0x00003d38                _div
                0x00003d38                __divmodhi4
 .text.libgcc.div
                0x00003d60       0x44 c:/program files (x86)/atmel/studio/7.0/toolchain/avr8/avr8-gnu-toolchain/bin/../lib/gcc/avr/5.4.0/avr5\libgcc.a(_udivmodsi4.o)
                0x00003d60                __udivmodsi4
 .text.libgcc.div
                0x00003da4       0x2e c:/program files (x86)/atmel/studio/7.0/toolchain/avr8/avr8-gnu-toolchain/bin/../lib/gcc/avr/5.4.0/avr5\libgcc.a(_divmodsi4.o)
                0x00003da4                __divmodsi4
 .text.libgcc.div
                0x00003dd2       0x10 c:/program files (x86)/atmel/studio/7.0/toolchain/avr8/avr8-gnu-toolchain/bin/../lib/gcc/avr/5.4.0/avr5\libgcc.a(_negsi2.o)
                0x00003dd2                __negsi2
 .text.libgcc   0x00003de2        0xc c:/program files (x86)/atmel/studio/7.0/toolchain/avr8/avr8-gnu-toolchain/bin/../lib/gcc/avr/5.4.0/avr5\libgcc.a(_tablejump2.o)
                0x00003de2                __tablejump2__
 .text.libgcc.mul
                0x00003dee       0x1e c:/program files (x86)/atmel/studio/7.0/toolchain/avr8/avr8-gnu-toolchain/bin/../lib/gcc/avr/5.4.0/avr5\libgcc.a(_umulhisi3.o)
                0x00003dee                __umulhisi3
 .text.libgcc.mul
                0x00003e0c       0x16 c:/program files (x86)/atmel/studio/7.0/toolchain/avr8/avr8-gnu-toolchain/bin/../lib/gcc/avr/5.4.0/avr5\libgcc.a(_muluhisi3.o)
                0x00003e0c                __muluhisi3
 .text.libgcc.mul
                0x00003e22       0x10 c:/program files (x86)/atmel/studio/7.0/toolchain/avr8/avr8-gnu-toolchain/bin/../lib/gcc/avr/5.4.0/avr5\libgcc.a(_mulshisi3.o)
                0x00003e22                __mulshisi3
                0x00003e28                __mulohisi3
 .text.avr-libc
                0x00003e32       0x3c c:/program files (x86)/atmel/studio/7.0/toolchain/avr8/avr8-gnu-toolchain/bin/../lib/gcc/avr/5.4.0/../../../../avr/lib/avr5\libc.a(atoi.o)
                0x00003e32                atoi
 .text.avr-libc
                0x00003e6e       0x12 c:/program files (x86)/atmel/studio/7.0/toolchain/avr8/avr8-gnu-toolchain/bin/../lib/gcc/avr/5.4.0/../../../../avr/lib/avr5\libc.a(strcmp_P.o)
                0x00003e6e                strcmp_P
 .text.avr-libc
                0x00003e80       0x12 c:/program files (x86)/atmel/studio/7.0/toolchain/avr8/avr8-gnu-toolchain/bin/../lib/gcc/avr/5.4.0/../../../../avr/lib/avr5\libc.a(strlen_P.o)
                0x00003e80                __strlen_P
 .text.avr-libc
                0x00003e92       0x34 c:/program files (x86)/atmel/studio/7.0/toolchain/avr8/avr8-gnu-toolchain/bin/../lib/gcc/avr/5.4.0/../../../../avr/lib/avr5\libc.a(strstr_P.o)
                0x00003e92                strstr_P
 .text.avr-libc
                0x00003ec6       0x16 c:/program files (x86)/atmel/studio/7.0/toolchain/avr8/avr8-gnu-toolchain/bin/../lib/gcc/avr/5.4.0/../../../../avr/lib/avr5\libc.a(strchr.o)
                0x00003ec6                strchr
 .text.avr-libc
                0x00003edc       0x10 c:/program files (x86)/atmel/studio/7.0/toolchain/avr8/avr8-gnu-toolchain/bin/../lib/gcc/avr/5.4.0/../../../../avr/lib/avr5\libc.a(mul10.o)
                0x00003edc                __mulhi_const_10
 .text.avr-libc
                0x00003eec       0x44 c:/program files (x86)/atmel/studio/7.0/toolchain/avr8/avr8-gnu-toolchain/bin/../lib/gcc/avr/5.4.0/../../../../avr/lib/avr5\libc.a(sprintf.o)
                0x00003eec                sprintf
 .text.avr-libc
                0x00003f30       0x44 c:/program files (x86)/atmel/studio/7.0/toolchain/avr8/avr8-gnu-toolchain/bin/../lib/gcc/avr/5.4.0/../../../../avr/lib/avr5\libc.a(sprintf_p.o)
                0x00003f30                sprintf_P
 .text.avr-libc
                0x00003f74       0x32 c:/program files (x86)/atmel/studio/7.0/toolchain/avr8/avr8-gnu-toolchain/bin/../lib/gcc/avr/5.4.0/../../../../avr/lib/avr5\libc.a(sscanf_p.o)
                0x00003f74                sscanf_P
 .text.avr-libc
                0x00003fa6      0x3c2 c:/program files (x86)/atmel/studio/7.0/toolchain/avr8/avr8-gnu-toolchain/bin/../lib/gcc/avr/5.4.0/../../../../avr/lib/avr5\libc.a(vfprintf_std.o)
                0x00003fa6                vfprintf
 .text.avr-libc
                0x00004368      0x55a c:/program files (x86)/atmel/studio/7.0/toolchain/avr8/avr8-gnu-toolchain/bin/../lib/gcc/avr/5.4.0/../../../../avr/lib/avr5\libc.a(vfscanf_std.o)
                0x000046a0                vfscanf
 .text.avr-libc
                0x000048c2       0x12 c:/program files (x86)/atmel/studio/7.0/toolchain/avr8/avr8-gnu-toolchain/bin/../lib/gcc/avr/5.4.0/../../../../avr/lib/avr5\libc.a(isspace.o)
                0x000048c2                isspace
 .text.avr-libc
                0x000048d4       0x16 c:/program files (x86)/atmel/studio/7.0/toolchain/avr8/avr8-gnu-toolchain/bin/../lib/gcc/avr/5.4.0/../../../../avr/lib/avr5\libc.a(strchr_P.o)
                0x000048d4                strchr_P
 .text.avr-libc
                0x000048ea       0x16 c:/program files (x86)/atmel/studio/7.0/toolchain/avr8/avr8-gnu-toolchain/bin/../lib/gcc/avr/5.4.0/../../../../avr/lib/avr5\libc.a(strnlen_P.o)
                0x000048ea                strnlen_P
 .text.avr-libc
                0x00004900       0x16 c:/program files (x86)/atmel/studio/7.0/toolchain/avr8/avr8-gnu-toolchain/bin/../lib/gcc/avr/5.4.0/../../../../avr/lib/avr5\libc.a(strnlen.o)
                0x00004900                strnlen
 .text.avr-libc
                0x00004916       0x7c c:/program files (x86)/atmel/studio/7.0/toolchain/avr8/avr8-gnu-toolchain/bin/../lib/gcc/avr/5.4.0/../../../../avr/lib/avr5\libc.a(fgetc.o)
                0x00004916                fgetc
 .text.avr-libc
                0x00004992       0x78 c:/program files (x86)/atmel/studio/7.0/toolchain/avr8/avr8-gnu-toolchain/bin/../lib/gcc/avr/5.4.0/../../../../avr/lib/avr5\libc.a(fputc.o)
                0x00004992                fputc
 .text.avr-libc
                0x00004a0a       0x32 c:/program files (x86)/atmel/studio/7.0/toolchain/avr8/avr8-gnu-toolchain/bin/../lib/gcc/avr/5.4.0/../../../../avr/lib/avr5\libc.a(ungetc.o)
                0x00004a0a                ungetc
 .text.avr-libc
                0x00004a3c       0xbc c:/program files (x86)/atmel/studio/7.0/toolchain/avr8/avr8-gnu-toolchain/bin/../lib/gcc/avr/5.4.0/../../../../avr/lib/avr5\libc.a(ultoa_invert.o)
                0x00004a3c                __ultoa_invert
 .text.avr-libc
                0x00004af8        0x6 c:/program files (x86)/atmel/studio/7.0/toolchain/avr8/avr8-gnu-toolchain/bin/../lib/gcc/avr/5.4.0/../../../../avr/lib/avr5\libc.a(cty_isfalse.o)
                0x00004af8                __ctype_isfalse
                0x00004afc                __ctype_istrue
 .text.avr-libc
                0x00004afe       0x20 C:/Program Files (x86)/Atmel/Studio/7.0/Packs/Atmel/ATmega_DFP/1.2.272/gcc/dev/atmega328p/avr5\libatmega328p.a(eerd_block.o)
                0x00004afe                eeprom_read_block
                0x00004b02                eeprom_read_blraw
 .text.avr-libc
                0x00004b1e       0x10 C:/Program Files (x86)/Atmel/Studio/7.0/Packs/Atmel/ATmega_DFP/1.2.272/gcc/dev/atmega328p/avr5\libatmega328p.a(eerd_byte.o)
                0x00004b1e                eeprom_read_byte
 .text.avr-libc
                0x00004b2e       0x24 C:/Program Files (x86)/Atmel/Studio/7.0/Packs/Atmel/ATmega_DFP/1.2.272/gcc/dev/atmega328p/avr5\libatmega328p.a(eeupd_byte.o)
                0x00004b2e                eeprom_update_byte
                0x00004b30                eeprom_update_r18
 .text.avr-libc
                0x00004b52       0x1c C:/Program Files (x86)/Atmel/Studio/7.0/Packs/Atmel/ATmega_DFP/1.2.272/gcc/dev/atmega328p/avr5\libatmega328p.a(eewr_byte.o)
                0x00004b52                eeprom_write_byte
                0x00004b54                eeprom_write_r18
 .text.libgcc.prologue
                0x00004b6e       0x38 c:/program files (x86)/atmel/studio/7.0/toolchain/avr8/avr8-gnu-toolchain/bin/../lib/gcc/avr/5.4.0/avr5\libgcc.a(_prologue.o)
                0x00004b6e                __prologue_saves__
 .text.libgcc.prologue
                0x00004ba6       0x36 c:/program files (x86)/atmel/studio/7.0/toolchain/avr8/avr8-gnu-toolchain/bin/../lib/gcc/avr/5.4.0/avr5\libgcc.a(_epilogue.o)
                0x00004ba6                __epilogue_restores__
                0x00004bdc                . = ALIGN (0x2)
 *(.fini9)
 .fini9         0x00004bdc        0x0 c:/program files (x86)/atmel/studio/7.0/toolchain/avr8/avr8-gnu-toolchain/bin/../lib/gcc/avr/5.4.0/avr5\libgcc.a(_exit.o)
                0x00004bdc                _exit
                0x00004bdc                exit
 *(.fini9)
 *(.fini8)
 *(.fini8)
 *(.fini7)
 *(.fini7)
 *(.fini6)
 *(.fini6)
 *(.fini5)
 *(.fini5)
 *(.fini4)
 *(.fini4)
 *(.fini3)
 *(.fini3)
 *(.fini2)
 *(.fini2)
 *(.fini1)
 *(.fini1)
 *(.fini0)
 .fini0         0x00004bdc        0x4 c:/program files (x86)/atmel/studio/7.0/toolchain/avr8/avr8-gnu-toolchain/bin/../lib/gcc/avr/5.4.0/avr5\libgcc.a(_exit.o)
 *(.fini0)
                0x00004be0                _etext = .

.data           0x00800100       0x38 load address 0x00004be0
                0x00800100                PROVIDE (__data_start, .)
 *(.data)
 *(.data*)
 *(.gnu.linkonce.d*)
 *(.rodata)
 .rodata        0x00800100        0x8 UART.o
 *(.rodata*)
 .rodata.str1.1
                0x00800108       0x30 ESP8266.o
 *(.gnu.linkonce.r*)
                0x00800138                . = ALIGN (0x2)
                0x00800138                _edata = .
                0x00800138                PROVIDE (__data_end, .)

.bss            0x00800138      0x324
                0x00800138                PROVIDE (__bss_start, .)
 *(.bss)
 *(.bss*)
 .bss.timer.2715
                0x00800138        0x1 main.o
 .bss.connectionFlag
                0x00800139        0x1 main.o
                0x00800139                connectionFlag
 .bss.updateWeatherFlag
                0x0080013a        0x1 main.o
                0x0080013a                updateWeatherFlag
 .bss.sampleNumber.1698
                0x0080013b        0x1 Raindrops.o
 .bss.ADCaccum.1697
                0x0080013c        0x4 Raindrops.o
 .bss.msgCounter
                0x00800140        0x1 UART.o
                0x00800140                msgCounter
 *(COMMON)
 COMMON         0x00800141       0x3f bme280_user.o
                0x00800141                dev
                0x00800174                comp_data
 COMMON         0x00800180        0x5 DHT22.o
                0x00800180                hum
                0x00800182                temp
                0x00800184                TransmissionError
 COMMON         0x00800185        0x3 I2C.o
                0x00800185                I2C_TimeoutCounter
                0x00800187                I2C_Error
 COMMON         0x00800188        0xb main.o
                0x00800188                weather
 COMMON         0x00800193        0x4 Raindrops.o
                0x00800193                ADCval
 COMMON         0x00800197      0x2c5 UART.o
                0x00800197                recBuff
                0x008002f9                TXFlag
                0x008002fa                sendBuff
                0x0080045c                PROVIDE (__bss_end, .)
                0x00004be0                __data_load_start = LOADADDR (.data)
                0x00004c18                __data_load_end = (__data_load_start + SIZEOF (.data))

.noinit         0x0080045c        0x0
                [!provide]                PROVIDE (__noinit_start, .)
 *(.noinit*)
                [!provide]                PROVIDE (__noinit_end, .)
                0x0080045c                _end = .
                [!provide]                PROVIDE (__heap_start, .)

.eeprom         0x00810000        0x4
 *(.eeprom*)
 .eeprom        0x00810000        0x4 main.o
                0x00810000                heaterThreshold
                0x00810001                heaterMode
                0x00810002                calibrationSet
                0x00810004                __eeprom_end = .

.fuse
 *(.fuse)
 *(.lfuse)
 *(.hfuse)
 *(.efuse)

.lock
 *(.lock*)

.signature
 *(.signature*)

.user_signatures
 *(.user_signatures*)

.stab
 *(.stab)

.stabstr
 *(.stabstr)

.stab.excl
 *(.stab.excl)

.stab.exclstr
 *(.stab.exclstr)

.stab.index
 *(.stab.index)

.stab.indexstr
 *(.stab.indexstr)

.comment        0x00000000       0x5c
 *(.comment)
 .comment       0x00000000       0x30 bme280.o
                                 0x31 (size before relaxing)
 .comment       0x00000030       0x31 bme280_user.o
 .comment       0x00000030       0x31 DHT22.o
 .comment       0x00000030       0x31 ESP8266.o
 .comment       0x00000030       0x31 I2C.o
 .comment       0x00000030       0x31 main.o
 .comment       0x00000030       0x31 MLX90614.o
 .comment       0x00000030       0x31 Raindrops.o
 .comment       0x00000030       0x31 RingBuffer.o
 .comment       0x00000030       0x31 UART.o
 .comment       0x00000030       0x31 c:/program files (x86)/atmel/studio/7.0/toolchain/avr8/avr8-gnu-toolchain/bin/../lib/gcc/avr/5.4.0/../../../../avr/lib/avr5\libc.a(sprintf.o)
 .comment       0x00000030       0x31 c:/program files (x86)/atmel/studio/7.0/toolchain/avr8/avr8-gnu-toolchain/bin/../lib/gcc/avr/5.4.0/../../../../avr/lib/avr5\libc.a(sprintf_p.o)
 .comment       0x00000030       0x31 c:/program files (x86)/atmel/studio/7.0/toolchain/avr8/avr8-gnu-toolchain/bin/../lib/gcc/avr/5.4.0/../../../../avr/lib/avr5\libc.a(sscanf_p.o)
 .comment       0x00000030       0x2c c:/program files (x86)/atmel/studio/7.0/toolchain/avr8/avr8-gnu-toolchain/bin/../lib/gcc/avr/5.4.0/../../../../avr/lib/avr5\libc.a(vfprintf_std.o)
                                 0x2d (size before relaxing)
 .comment       0x0000005c       0x2d c:/program files (x86)/atmel/studio/7.0/toolchain/avr8/avr8-gnu-toolchain/bin/../lib/gcc/avr/5.4.0/../../../../avr/lib/avr5\libc.a(vfscanf_std.o)
 .comment       0x0000005c       0x31 c:/program files (x86)/atmel/studio/7.0/toolchain/avr8/avr8-gnu-toolchain/bin/../lib/gcc/avr/5.4.0/../../../../avr/lib/avr5\libc.a(fgetc.o)
 .comment       0x0000005c       0x31 c:/program files (x86)/atmel/studio/7.0/toolchain/avr8/avr8-gnu-toolchain/bin/../lib/gcc/avr/5.4.0/../../../../avr/lib/avr5\libc.a(fputc.o)
 .comment       0x0000005c       0x31 c:/program files (x86)/atmel/studio/7.0/toolchain/avr8/avr8-gnu-toolchain/bin/../lib/gcc/avr/5.4.0/../../../../avr/lib/avr5\libc.a(ungetc.o)

.note.gnu.avr.deviceinfo
                0x00000000       0x40
 .note.gnu.avr.deviceinfo
                0x00000000       0x40 C:/Program Files (x86)/Atmel/Studio/7.0/Packs/Atmel/ATmega_DFP/1.2.272/gcc/dev/atmega328p/avr5/crtatmega328p.o

.note.gnu.build-id
 *(.note.gnu.build-id)

.debug
 *(.debug)

.line
 *(.line)

.debug_srcinfo
 *(.debug_srcinfo)

.debug_sfnames
 *(.debug_sfnames)

.debug_aranges  0x00000000      0x438
 *(.debug_aranges)
 .debug_aranges
                0x00000000       0x98 bme280.o
 .debug_aranges
                0x00000098       0x50 bme280_user.o
 .debug_aranges
                0x000000e8       0x48 DHT22.o
 .debug_aranges
                0x00000130       0x38 ESP8266.o
 .debug_aranges
                0x00000168       0x78 I2C.o
 .debug_aranges
                0x000001e0       0xd0 main.o
 .debug_aranges
                0x000002b0       0x30 MLX90614.o
 .debug_aranges
                0x000002e0       0x40 Raindrops.o
 .debug_aranges
                0x00000320       0x40 RingBuffer.o
 .debug_aranges
                0x00000360       0x58 UART.o
 .debug_aranges
                0x000003b8       0x20 C:/Program Files (x86)/Atmel/Studio/7.0/Packs/Atmel/ATmega_DFP/1.2.272/gcc/dev/atmega328p/avr5\libatmega328p.a(eerd_block.o)
 .debug_aranges
                0x000003d8       0x20 C:/Program Files (x86)/Atmel/Studio/7.0/Packs/Atmel/ATmega_DFP/1.2.272/gcc/dev/atmega328p/avr5\libatmega328p.a(eerd_byte.o)
 .debug_aranges
                0x000003f8       0x20 C:/Program Files (x86)/Atmel/Studio/7.0/Packs/Atmel/ATmega_DFP/1.2.272/gcc/dev/atmega328p/avr5\libatmega328p.a(eeupd_byte.o)
 .debug_aranges
                0x00000418       0x20 C:/Program Files (x86)/Atmel/Studio/7.0/Packs/Atmel/ATmega_DFP/1.2.272/gcc/dev/atmega328p/avr5\libatmega328p.a(eewr_byte.o)

.debug_pubnames
 *(.debug_pubnames)

.debug_info     0x00000000     0x62c3
 *(.debug_info .gnu.linkonce.wi.*)
 .debug_info    0x00000000      0x5f4 C:/Program Files (x86)/Atmel/Studio/7.0/Packs/Atmel/ATmega_DFP/1.2.272/gcc/dev/atmega328p/avr5/crtatmega328p.o
 .debug_info    0x000005f4     0x1a65 bme280.o
 .debug_info    0x00002059      0x821 bme280_user.o
 .debug_info    0x0000287a      0x641 DHT22.o
 .debug_info    0x00002ebb      0x6fb ESP8266.o
 .debug_info    0x000035b6      0x617 I2C.o
 .debug_info    0x00003bcd     0x10e8 main.o
 .debug_info    0x00004cb5      0x3cc MLX90614.o
 .debug_info    0x00005081      0x316 Raindrops.o
 .debug_info    0x00005397      0x3a6 RingBuffer.o
 .debug_info    0x0000573d      0x91c UART.o
 .debug_info    0x00006059       0x9b C:/Program Files (x86)/Atmel/Studio/7.0/Packs/Atmel/ATmega_DFP/1.2.272/gcc/dev/atmega328p/avr5\libatmega328p.a(eerd_block.o)
 .debug_info    0x000060f4       0x9a C:/Program Files (x86)/Atmel/Studio/7.0/Packs/Atmel/ATmega_DFP/1.2.272/gcc/dev/atmega328p/avr5\libatmega328p.a(eerd_byte.o)
 .debug_info    0x0000618e       0x9b C:/Program Files (x86)/Atmel/Studio/7.0/Packs/Atmel/ATmega_DFP/1.2.272/gcc/dev/atmega328p/avr5\libatmega328p.a(eeupd_byte.o)
 .debug_info    0x00006229       0x9a C:/Program Files (x86)/Atmel/Studio/7.0/Packs/Atmel/ATmega_DFP/1.2.272/gcc/dev/atmega328p/avr5\libatmega328p.a(eewr_byte.o)

.debug_abbrev   0x00000000     0x1a7f
 *(.debug_abbrev)
 .debug_abbrev  0x00000000      0x5a2 C:/Program Files (x86)/Atmel/Studio/7.0/Packs/Atmel/ATmega_DFP/1.2.272/gcc/dev/atmega328p/avr5/crtatmega328p.o
 .debug_abbrev  0x000005a2      0x230 bme280.o
 .debug_abbrev  0x000007d2      0x243 bme280_user.o
 .debug_abbrev  0x00000a15      0x240 DHT22.o
 .debug_abbrev  0x00000c55      0x23e ESP8266.o
 .debug_abbrev  0x00000e93      0x18f I2C.o
 .debug_abbrev  0x00001022      0x2f6 main.o
 .debug_abbrev  0x00001318      0x150 MLX90614.o
 .debug_abbrev  0x00001468      0x1c8 Raindrops.o
 .debug_abbrev  0x00001630      0x1b8 RingBuffer.o
 .debug_abbrev  0x000017e8      0x247 UART.o
 .debug_abbrev  0x00001a2f       0x14 C:/Program Files (x86)/Atmel/Studio/7.0/Packs/Atmel/ATmega_DFP/1.2.272/gcc/dev/atmega328p/avr5\libatmega328p.a(eerd_block.o)
 .debug_abbrev  0x00001a43       0x14 C:/Program Files (x86)/Atmel/Studio/7.0/Packs/Atmel/ATmega_DFP/1.2.272/gcc/dev/atmega328p/avr5\libatmega328p.a(eerd_byte.o)
 .debug_abbrev  0x00001a57       0x14 C:/Program Files (x86)/Atmel/Studio/7.0/Packs/Atmel/ATmega_DFP/1.2.272/gcc/dev/atmega328p/avr5\libatmega328p.a(eeupd_byte.o)
 .debug_abbrev  0x00001a6b       0x14 C:/Program Files (x86)/Atmel/Studio/7.0/Packs/Atmel/ATmega_DFP/1.2.272/gcc/dev/atmega328p/avr5\libatmega328p.a(eewr_byte.o)

.debug_line     0x00000000     0x2c93
 *(.debug_line .debug_line.* .debug_line_end)
 .debug_line    0x00000000      0x133 C:/Program Files (x86)/Atmel/Studio/7.0/Packs/Atmel/ATmega_DFP/1.2.272/gcc/dev/atmega328p/avr5/crtatmega328p.o
 .debug_line    0x00000133      0x7ee bme280.o
 .debug_line    0x00000921      0x27b bme280_user.o
 .debug_line    0x00000b9c      0x3ee DHT22.o
 .debug_line    0x00000f8a      0x3ef ESP8266.o
 .debug_line    0x00001379      0x3db I2C.o
 .debug_line    0x00001754      0x76c main.o
 .debug_line    0x00001ec0      0x213 MLX90614.o
 .debug_line    0x000020d3      0x292 Raindrops.o
 .debug_line    0x00002365      0x2a4 RingBuffer.o
 .debug_line    0x00002609      0x411 UART.o
 .debug_line    0x00002a1a       0xab C:/Program Files (x86)/Atmel/Studio/7.0/Packs/Atmel/ATmega_DFP/1.2.272/gcc/dev/atmega328p/avr5\libatmega328p.a(eerd_block.o)
 .debug_line    0x00002ac5       0x7a C:/Program Files (x86)/Atmel/Studio/7.0/Packs/Atmel/ATmega_DFP/1.2.272/gcc/dev/atmega328p/avr5\libatmega328p.a(eerd_byte.o)
 .debug_line    0x00002b3f       0xb6 C:/Program Files (x86)/Atmel/Studio/7.0/Packs/Atmel/ATmega_DFP/1.2.272/gcc/dev/atmega328p/avr5\libatmega328p.a(eeupd_byte.o)
 .debug_line    0x00002bf5       0x9e C:/Program Files (x86)/Atmel/Studio/7.0/Packs/Atmel/ATmega_DFP/1.2.272/gcc/dev/atmega328p/avr5\libatmega328p.a(eewr_byte.o)

.debug_frame    0x00000000      0xcf4
 *(.debug_frame)
 .debug_frame   0x00000000      0x33c bme280.o
 .debug_frame   0x0000033c       0xc8 bme280_user.o
 .debug_frame   0x00000404       0xa4 DHT22.o
 .debug_frame   0x000004a8       0xbc ESP8266.o
 .debug_frame   0x00000564      0x128 I2C.o
 .debug_frame   0x0000068c      0x2ec main.o
 .debug_frame   0x00000978       0xa8 MLX90614.o
 .debug_frame   0x00000a20       0xa8 Raindrops.o
 .debug_frame   0x00000ac8       0x94 RingBuffer.o
 .debug_frame   0x00000b5c      0x198 UART.o

.debug_str      0x00000000     0x1515
 *(.debug_str)
 .debug_str     0x00000000      0x208 C:/Program Files (x86)/Atmel/Studio/7.0/Packs/Atmel/ATmega_DFP/1.2.272/gcc/dev/atmega328p/avr5/crtatmega328p.o
 .debug_str     0x00000208      0x711 bme280.o
                                0x7ef (size before relaxing)
 .debug_str     0x00000919      0x127 bme280_user.o
                                0x4e4 (size before relaxing)
 .debug_str     0x00000a40      0x103 DHT22.o
                                0x311 (size before relaxing)
 .debug_str     0x00000b43      0x265 ESP8266.o
                                0x456 (size before relaxing)
 .debug_str     0x00000da8      0x10f I2C.o
                                0x2a8 (size before relaxing)
 .debug_str     0x00000eb7      0x359 main.o
                                0x78c (size before relaxing)
 .debug_str     0x00001210       0xc9 MLX90614.o
                                0x36d (size before relaxing)
 .debug_str     0x000012d9       0x47 Raindrops.o
                                0x2e9 (size before relaxing)
 .debug_str     0x00001320       0x9c RingBuffer.o
                                0x24b (size before relaxing)
 .debug_str     0x000013bc      0x159 UART.o
                                0x45c (size before relaxing)

.debug_loc      0x00000000     0x575b
 *(.debug_loc)
 .debug_loc     0x00000000     0x223b bme280.o
 .debug_loc     0x0000223b      0x3a2 bme280_user.o
 .debug_loc     0x000025dd      0x650 DHT22.o
 .debug_loc     0x00002c2d      0x709 ESP8266.o
 .debug_loc     0x00003336      0x5be I2C.o
 .debug_loc     0x000038f4      0xec0 main.o
 .debug_loc     0x000047b4      0x3bc MLX90614.o
 .debug_loc     0x00004b70      0x270 Raindrops.o
 .debug_loc     0x00004de0      0x316 RingBuffer.o
 .debug_loc     0x000050f6      0x665 UART.o

.debug_macinfo
 *(.debug_macinfo)

.debug_weaknames
 *(.debug_weaknames)

.debug_funcnames
 *(.debug_funcnames)

.debug_typenames
 *(.debug_typenames)

.debug_varnames
 *(.debug_varnames)

.debug_pubtypes
 *(.debug_pubtypes)

.debug_ranges   0x00000000      0x410
 *(.debug_ranges)
 .debug_ranges  0x00000000       0x88 bme280.o
 .debug_ranges  0x00000088       0x40 bme280_user.o
 .debug_ranges  0x000000c8       0xd8 DHT22.o
 .debug_ranges  0x000001a0       0x28 ESP8266.o
 .debug_ranges  0x000001c8       0x90 I2C.o
 .debug_ranges  0x00000258       0xc0 main.o
 .debug_ranges  0x00000318       0x20 MLX90614.o
 .debug_ranges  0x00000338       0x30 Raindrops.o
 .debug_ranges  0x00000368       0x48 RingBuffer.o
 .debug_ranges  0x000003b0       0x60 UART.o

.debug_macro
 *(.debug_macro)
OUTPUT(WiFiWeather.elf elf32-avr)
LOAD linker stubs
